﻿
ΓÜá∩╕Å Requested heading not found in local markdown file.
Requested: Demo Test
Available headings:
  1. Preface
  2. Audience
  3. Scope
  4. Assumptions
  5. Constraints
  6. Dependencies
  7. Related Documents
  8. References
  9. Demo Test > Hardware Overview
  10. Demo Test > something chnage
  11. Fabric Setup > APIC Setup
  12. Fabric Setup > OOB Setup
  13. Fabric Administration > AAA Setup
  14. Fabric Administration > ACI RBAC
  15. Fabric Administration > Remote Collectors
  16. Fabric Administration > ACI Snapshots
  17. Fabric Management > APIC management
  18. Fabric Management > ACI Out-of-Band
  19. Fabric Management > ACI In-Band
  20. Fabric Management > ACI IP Addressing
  21. Fabric Polices > Pods
  22. Fabric Polices > Switches
  23. Fabric Polices > Modules
  24. Fabric Polices > Interfaces
  25. Fabric Polices > Polices
  26. Fabric Polices > Tags
  27. Access Polices > Domains, Pools and AAEP
  28. Access Polices > Access Polices
  29. Access Polices > Interfaces
  30. Access Polices > Polices
  31. Access Polices > Switches
  32. Logical Design Updated > Overview
  33. Logical Design Updated > Building Blocks
  34. Logical Design Updated > Tenant Common Architecture
  35. Logical Design Updated > Tenant Architecture
  36. Logical Design Updated > Tenant N
  37. ACI Hardening > Overview
  38. ACI Hardening > Building Blocks
  39. ACI Hardening > Hardening and Security
  40. System Settings > Fabric Wide Settings
  41. System Settings > APIC Connectivity Preferences
  42. System Settings > Fabric Security
  43. System Settings > Global AES Passphrase Encryption
  44. System Settings > Control Plane MTU
  45. System Settings > BGP Route Reflector
  46. System Settings > COOP Group
  47. System Settings > Endpoint Controls
  48. System Settings > Load Balancer
  49. System Settings > PTP and Latency Measurement
  50. System Settings > Port Tracking
  51. System Settings > System Performance
  52. System Settings > System Global GIPo Policy
  53. System Settings > System Alias and Banners
  54. System Settings > BD Enforced Exception List
  55. System Settings > Quota
  56. System Settings > Remote Leaf Pod Redundancy Policy
  57. System Settings > Customer ACI Fabric Configuration
